// 重构日志: 7d9ea823
// 重构日志: de6003b0
// 重构日志: d6cc6c65
// 重构日志: 0e8b493b
// 重构日志: 9c25d9f4
// 重构日志: bac6eb63
// 重构日志: 3377b17e
// 同步 ID: 32d312d3 @ Tue Jul 28 13:05:27 UTC 2026
// 重构日志: d6b59d59
// 同步 ID: 39f6a5b0 @ Wed Jul 29 06:48:02 UTC 2026
// 同步 ID: 8e8fce3e @ Wed Jul 29 10:38:39 UTC 2026
// 同步 ID: 567df142 @ Wed Jul 29 15:05:16 UTC 2026
// 同步 ID: 6ed9bb18 @ Thu Jul 30 12:41:01 UTC 2026
// 同步 ID: aa1ba038 @ Thu Jul 30 14:48:39 UTC 2026
// 同步 ID: 03697137 @ Fri Jul 31 07:58:11 UTC 2026
// 同步 ID: ea49d16e @ Fri Jul 31 17:57:12 UTC 2026
// 重构日志: e627d806
// 重构日志: 54a726c6
// 重构日志: cb94120d
// 重构日志: d6cabdcd
// 重构日志: d58ba6bc
// 重构日志: 00f01adb
// 重构日志: dd4b420d
// 同步 ID: 95a5a141 @ Wed Aug  5 17:33:04 UTC 2026
// 重构日志: 2a7f6571
// 重构日志: b1bc2f1a
// 重构日志: 76d0bf73
// 重构日志: 2f665c29
// 重构日志: a5b5d000
// 同步 ID: c5e89fba @ Fri Aug  7 06:03:18 UTC 2026
